[expertstore.xyz/index.html]
[expertstore.xyz/index-2.html]
[expertstore.xyz/images/img-favicon.ico]
[backblue.gif]
[fade.gif]
[index.html]
[use.fontawesome.com/releases/v5.11.2/css/all.css]
[expertstore.xyz/css/css-bootstrap.min.css]
[expertstore.xyz/css/css-mdb.min.css]
[expertstore.xyz/css/css-style.css]
[cdn.sellix.io/static/css/embed.css]
[cdn.wallpapersafari.com/50/18/QDsR9S.jpg]
[expertstore.xyz/images/logo-logo.png]
[expertstore.xyz/images/renegade_raider.png]
[expertstore.xyz/images/honor_guard_account.png]
[expertstore.xyz/images/aerial_assault_trooper.png]
[expertstore.xyz/images/black_knight.png]
[expertstore.xyz/images/ikonik.png]
[expertstore.xyz/images/ogghoul_trooper.png]
[expertstore.xyz/images/wonder.png]
[expertstore.xyz/images/ogskull_trooper.png]
[expertstore.xyz/images/galaxy.png]
[cdn.sellix.io/static/js/embed.js]
[client.crisp.chat/l.js]
[expertstore.xyz/js/5122551-js-jquery.min.js]
[expertstore.xyz/js/2746822-js-popper.min.js]
[expertstore.xyz/js/7549097-js-bootstrap.min.js]
[expertstore.xyz/index.html]
[expertstore.xyz/index-2.html]
[use.fontawesome.com/releases/v5.11.2/css/all.css]
[expertstore.xyz/css/css-bootstrap.min.css]
[expertstore.xyz/images/overlays-01.png]
[expertstore.xyz/js/7746076-js-mdb.min.js]
[expertstore.xyz/images/overlays-02.png]
[expertstore.xyz/images/overlays-03.png]
[expertstore.xyz/images/overlays-04.png]
[expertstore.xyz/images/overlays-05.png]
[expertstore.xyz/images/overlays-06.png]
[expertstore.xyz/images/overlays-07.png]
[expertstore.xyz/images/overlays-08.png]
[expertstore.xyz/images/overlays-09.png]
[expertstore.xyz/css/css-mdb.min.css]
[expertstore.xyz/css/css-style.css]
[cdn.sellix.io/static/css/embed.css]
[expertstore.xyz/fonts/svg-arrow_left.svg]
[expertstore.xyz/fonts/svg-arrow_right.svg]
